[    0.000000] Linux version 4.15.0-212-generic (buildd@lcy02-amd64-083) (gcc version 7.5.0 (Ubuntu 7.5.0-3ubuntu1~18.04)) #223-Ubuntu SMP Tue May 23 13:09:22 UTC 2023 (Ubuntu 4.15.0-212.223-generic 4.15.18)
[    0.000000] Command line: BOOT_IMAGE=/boot/vmlinuz-4.15.0-212-generic root=LABEL=cloudimg-rootfs ro console=tty1 console=ttyS0
[    0.000000] KERNEL supported cpus:
[    0.000000]   Intel GenuineIntel
[    0.000000]   AMD AuthenticAMD
[    0.000000]   Centaur CentaurHauls
[    0.000000] x86/fpu: x87 FPU will use FXSAVE
[    0.000000] e820: BIOS-provided physical RAM map:
[    0.000000] BIOS-e820: [mem 0x0000000000000000-0x000000000009fbff] usable
[    0.000000] BIOS-e820: [mem 0x000000000009fc00-0x000000000009ffff] reserved
[    0.000000] BIOS-e820: [mem 0x00000000000f0000-0x00000000000fffff] reserved
[    0.000000] BIOS-e820: [mem 0x0000000000100000-0x000000001ffeffff] usable
[    0.000000] BIOS-e820: [mem 0x000000001fff0000-0x000000001fffffff] ACPI data
[    0.000000] BIOS-e820: [mem 0x00000000fec00000-0x00000000fec00fff] reserved
[    0.000000] BIOS-e820: [mem 0x00000000fee00000-0x00000000fee00fff] reserved
[    0.000000] BIOS-e820: [mem 0x00000000fffc0000-0x00000000ffffffff] reserved
[    0.000000] NX (Execute Disable) protection: active
[    0.000000] SMBIOS 2.5 present.
[    0.000000] DMI: innotek GmbH VirtualBox/VirtualBox, BIOS VirtualBox 12/01/2006
[    0.000000] Hypervisor detected: KVM
[    0.000000] e820: last_pfn = 0x1fff0 max_arch_pfn = 0x400000000
[    0.000000] x86/PAT: Configuration [0-7]: WB  WC  UC- UC  WB  WP  UC- WT  
[    0.000000] CPU MTRRs all blank - virtualized system.
[    0.000000] found SMP MP-table at [mem 0x0009fbf0-0x0009fbff]
[    0.000000] Scanning 1 areas for low memory corruption
[    0.000000] RAMDISK: [mem 0x1db01000-0x1ee12fff]
[    0.000000] ACPI: Early table checksum verification disabled
[    0.000000] ACPI: RSDP 0x00000000000E0000 000024 (v02 VBOX  )
[    0.000000] ACPI: XSDT 0x000000001FFF0030 00003C (v01 VBOX   VBOXXSDT 00000001 ASL  00000061)
[    0.000000] ACPI: FACP 0x000000001FFF00F0 0000F4 (v04 VBOX   VBOXFACP 00000001 ASL  00000061)
[    0.000000] ACPI: DSDT 0x000000001FFF0610 002353 (v02 VBOX   VBOXBIOS 00000002 INTL 20100528)
[    0.000000] ACPI: FACS 0x000000001FFF0200 000040
[    0.000000] ACPI: FACS 0x000000001FFF0200 000040
[    0.000000] ACPI: APIC 0x000000001FFF0240 000054 (v02 VBOX   VBOXAPIC 00000001 ASL  00000061)
[    0.000000] ACPI: SSDT 0x000000001FFF02A0 00036C (v01 VBOX   VBOXCPUT 00000002 INTL 20100528)
[    0.000000] ACPI: Reserving FACP table memory at [mem 0x1fff00f0-0x1fff01e3]
[    0.000000] ACPI: Reserving DSDT table memory at [mem 0x1fff0610-0x1fff2962]
[    0.000000] ACPI: Reserving FACS table memory at [mem 0x1fff0200-0x1fff023f]
[    0.000000] ACPI: Reserving FACS table memory at [mem 0x1fff0200-0x1fff023f]
[    0.000000] ACPI: Reserving APIC table memory at [mem 0x1fff0240-0x1fff0293]
[    0.000000] ACPI: Reserving SSDT table memory at [mem 0x1fff02a0-0x1fff060b]
[    0.000000] No NUMA configuration found
[    0.000000] Faking a node at [mem 0x0000000000000000-0x000000001ffeffff]
[    0.000000] NODE_DATA(0) allocated [mem 0x1ffc5000-0x1ffeffff]
[    0.000000] kvm-clock: cpu 0, msr 0:1ff44001, primary cpu clock
[    0.000000] kvm-clock: Using msrs 4b564d01 and 4b564d00
[    0.000000] kvm-clock: using sched offset of 3853233541 cycles
[    0.000000] clocksource: kvm-clock: mask: 0xffffffffffffffff max_cycles: 0x1cd42e4dffb, max_idle_ns: 881590591483 ns
[    0.000000] Zone ranges:
[    0.000000]   DMA      [mem 0x0000000000001000-0x0000000000ffffff]
[    0.000000]   DMA32    [mem 0x0000000001000000-0x000000001ffeffff]
[    0.000000]   Normal   empty
[    0.000000]   Device   empty
[    0.000000] Movable zone start for each node
[    0.000000] Early memory node ranges
[    0.000000]   node   0: [mem 0x0000000000001000-0x000000000009efff]
[    0.000000]   node   0: [mem 0x0000000000100000-0x000000001ffeffff]
[    0.000000] Reserved but unavailable: 104 pages
[    0.000000] Initmem setup node 0 [mem 0x0000000000001000-0x000000001ffeffff]
[    0.000000] ACPI: PM-Timer IO Port: 0x4008
[    0.000000] IOAPIC[0]: apic_id 1, version 32, address 0xfec00000, GSI 0-23
[    0.000000] ACPI: INT_SRC_OVR (bus 0 bus_irq 0 global_irq 2 dfl dfl)
[    0.000000] ACPI: INT_SRC_OVR (bus 0 bus_irq 9 global_irq 9 low level)
[    0.000000] Using ACPI (MADT) for SMP configuration information
[    0.000000] smpboot: Allowing 1 CPUs, 0 hotplug CPUs
[    0.000000] PM: Registered nosave memory: [mem 0x00000000-0x00000fff]
[    0.000000] PM: Registered nosave memory: [mem 0x0009f000-0x0009ffff]
[    0.000000] PM: Registered nosave memory: [mem 0x000a0000-0x000effff]
[    0.000000] PM: Registered nosave memory: [mem 0x000f0000-0x000fffff]
[    0.000000] e820: [mem 0x20000000-0xfebfffff] available for PCI devices
[    0.000000] Booting paravirtualized kernel on KVM
[    0.000000] clocksource: refined-jiffies: mask: 0xffffffff max_cycles: 0xffffffff, max_idle_ns: 7645519600211568 ns
[    0.000000] setup_percpu: NR_CPUS:8192 nr_cpumask_bits:1 nr_cpu_ids:1 nr_node_ids:1
[    0.000000] percpu: Embedded 50 pages/cpu s167936 r8192 d28672 u2097152
[    0.000000] PV qspinlock hash table entries: 256 (order: 0, 4096 bytes)
[    0.000000] Built 1 zonelists, mobility grouping on.  Total pages: 128889
[    0.000000] Policy zone: DMA32
[    0.000000] Kernel command line: BOOT_IMAGE=/boot/vmlinuz-4.15.0-212-generic root=LABEL=cloudimg-rootfs ro console=tty1 console=ttyS0
[    0.000000] Memory: 466748K/523832K available (12300K kernel code, 2477K rwdata, 4324K rodata, 2480K init, 2720K bss, 57084K reserved, 0K cma-reserved)
[    0.000000] SLUB: HWalign=64, Order=0-3, MinObjects=0, CPUs=1, Nodes=1
[    0.000000] ftrace: allocating 39508 entries in 155 pages
[    0.004000] Hierarchical RCU implementation.
[    0.004000] 	RCU restricting CPUs from NR_CPUS=8192 to nr_cpu_ids=1.
[    0.004000] 	Tasks RCU enabled.
[    0.004000] RCU: Adjusting geometry for rcu_fanout_leaf=16, nr_cpu_ids=1
[    0.004000] NR_IRQS: 524544, nr_irqs: 256, preallocated irqs: 16
[    0.004000] random: crng init done
[    0.004000] Console: colour VGA+ 80x25
[    0.004000] console [tty1] enabled
[    0.004000] console [ttyS0] enabled
[    0.004000] ACPI: Core revision 20170831
[    0.004000] ACPI: 2 ACPI AML tables successfully acquired and loaded
[    0.004000] APIC: Switch to symmetric I/O mode setup
[    0.008000] ..TIMER: vector=0x30 apic1=0 pin1=2 apic2=-1 pin2=-1
[    0.008008] tsc: Detected 2687.998 MHz processor
[    0.012009] Calibrating delay loop (skipped) preset value.. 5375.99 BogoMIPS (lpj=10751992)
[    0.016004] pid_max: default: 32768 minimum: 301
[    0.020032] Security Framework initialized
[    0.024004] Yama: becoming mindful.
[    0.028025] AppArmor: AppArmor initialized
[    0.032086] Dentry cache hash table entries: 65536 (order: 7, 524288 bytes)
[    0.036039] Inode-cache hash table entries: 32768 (order: 6, 262144 bytes)
[    0.040025] Mount-cache hash table entries: 1024 (order: 1, 8192 bytes)
[    0.048009] Mountpoint-cache hash table entries: 1024 (order: 1, 8192 bytes)
[    0.057970] Last level iTLB entries: 4KB 0, 2MB 0, 4MB 0
[    0.060005] Last level dTLB entries: 4KB 0, 2MB 0, 4MB 0, 1GB 0
[    0.064006] Spectre V1 : Mitigation: usercopy/swapgs barriers and __user pointer sanitization
[    0.068005] Spectre V2 : Mitigation: Enhanced IBRS
[    0.072003] Spectre V2 : Spectre v2 / SpectreRSB mitigation: Filling RSB on context switch
[    0.076005] Spectre V2 : Spectre v2 / PBRSB-eIBRS: Retire a single CALL on VMEXIT
[    0.080004] RETBleed: Mitigation: Enhanced IBRS
[    0.084004] Speculative Store Bypass: Vulnerable
[    0.093145] Freeing SMP alternatives memory: 36K
[    0.204476] smpboot: CPU0: 12th Gen Intel(R) Core(TM) i7-12700H (family: 0x6, model: 0x9a, stepping: 0x3)
[    0.208082] Performance Events: unsupported p6 CPU model 154 no PMU driver, software events only.
[    0.212043] Hierarchical SRCU implementation.
[    0.216499] NMI watchdog: Perf event create on CPU 0 failed with -2
[    0.220003] NMI watchdog: Perf NMI watchdog permanently disabled
[    0.224046] smp: Bringing up secondary CPUs ...
[    0.228095] smp: Brought up 1 node, 1 CPU
[    0.232003] smpboot: Max logical packages: 1
[    0.236008] smpboot: Total of 1 processors activated (5375.99 BogoMIPS)
[    0.240153] devtmpfs: initialized
[    0.244049] x86/mm: Memory block size: 128MB
[    0.248099] evm: security.selinux
[    0.252006] evm: security.SMACK64
[    0.256006] evm: security.SMACK64EXEC
[    0.260007] evm: security.SMACK64TRANSMUTE
[    0.264006] evm: security.SMACK64MMAP
[    0.268003] evm: security.apparmor
[    0.272003] evm: security.ima
[    0.276003] evm: security.capability
[    0.280122] clocksource: jiffies: mask: 0xffffffff max_cycles: 0xffffffff, max_idle_ns: 7645041785100000 ns
[    0.284016] futex hash table entries: 256 (order: 2, 16384 bytes)
[    0.288049] pinctrl core: initialized pinctrl subsystem
[    0.292564] RTC time:  3:10:02, date: 11/09/24
[    0.296136] NET: Registered protocol family 16
[    0.300068] audit: initializing netlink subsys (disabled)
[    0.304120] cpuidle: using governor ladder
[    0.308008] audit: type=2000 audit(1731121806.261:1): state=initialized audit_enabled=0 res=1
[    0.312008] cpuidle: using governor menu
[    0.316050] ACPI: bus type PCI registered
[    0.320004] acpiphp: ACPI Hot Plug PCI Controller Driver version: 0.5
[    0.324481] PCI: Using configuration type 1 for base access
[    0.329109] HugeTLB registered 2.00 MiB page size, pre-allocated 0 pages
[    0.332391] ACPI: Added _OSI(Module Device)
[    0.336007] ACPI: Added _OSI(Processor Device)
[    0.340005] ACPI: Added _OSI(3.0 _SCP Extensions)
[    0.344004] ACPI: Added _OSI(Processor Aggregator Device)
[    0.346336] ACPI: Added _OSI(Linux-Dell-Video)
[    0.348020] ACPI: Added _OSI(Linux-Lenovo-NV-HDMI-Audio)
[    0.350150] ACPI: Added _OSI(Linux-HPI-Hybrid-Graphics)
[    0.352387] ACPI: Executed 1 blocks of module-level executable AML code
[    0.357324] ACPI: Interpreter enabled
[    0.358957] ACPI: (supports S0 S5)
[    0.360002] ACPI: Using IOAPIC for interrupt routing
[    0.364019] PCI: Using host bridge windows from ACPI; if necessary, use "pci=nocrs" and report a bug
[    0.368136] ACPI: Enabled 2 GPEs in block 00 to 07
[    0.381771] ACPI: PCI Root Bridge [PCI0] (domain 0000 [bus 00-ff])
[    0.384009] acpi PNP0A03:00: _OSC: OS supports [ASPM ClockPM Segments MSI]
[    0.389083] acpi PNP0A03:00: _OSC: not requesting OS control; OS requires [ExtendedConfig ASPM ClockPM MSI]
[    0.392015] acpi PNP0A03:00: fail to add MMCONFIG information, can't access extended PCI configuration space under this bridge.
[    0.397194] PCI host bridge to bus 0000:00
[    0.400006] pci_bus 0000:00: root bus resource [io  0x0000-0x0cf7 window]
[    0.404004] pci_bus 0000:00: root bus resource [io  0x0d00-0xffff window]
[    0.408006] pci_bus 0000:00: root bus resource [mem 0x000a0000-0x000bffff window]
[    0.412007] pci_bus 0000:00: root bus resource [mem 0x20000000-0xfdffffff window]
[    0.416010] pci_bus 0000:00: root bus resource [bus 00-ff]
[    0.430906] pci 0000:00:01.1: legacy IDE quirk: reg 0x10: [io  0x01f0-0x01f7]
[    0.432006] pci 0000:00:01.1: legacy IDE quirk: reg 0x14: [io  0x03f6]
[    0.436004] pci 0000:00:01.1: legacy IDE quirk: reg 0x18: [io  0x0170-0x0177]
[    0.440004] pci 0000:00:01.1: legacy IDE quirk: reg 0x1c: [io  0x0376]
[    0.475670] pci 0000:00:07.0: quirk: [io  0x4000-0x403f] claimed by PIIX4 ACPI
[    0.476056] pci 0000:00:07.0: quirk: [io  0x4100-0x410f] claimed by PIIX4 SMB
[    0.493183] ACPI: PCI Interrupt Link [LNKA] (IRQs 5 9 10 *11)
[    0.496840] ACPI: PCI Interrupt Link [LNKB] (IRQs 5 9 *10 11)
[    0.500540] ACPI: PCI Interrupt Link [LNKC] (IRQs 5 *9 10 11)
[    0.504422] ACPI: PCI Interrupt Link [LNKD] (IRQs 5 9 10 *11)
[    0.508490] SCSI subsystem initialized
[    0.512149] pci 0000:00:02.0: vgaarb: setting as boot VGA device
[    0.516000] pci 0000:00:02.0: vgaarb: VGA device added: decodes=io+mem,owns=io+mem,locks=none
[    0.516009] pci 0000:00:02.0: vgaarb: bridge control possible
[    0.520004] vgaarb: loaded
[    0.524045] ACPI: bus type USB registered
[    0.528020] usbcore: registered new interface driver usbfs
[    0.532018] usbcore: registered new interface driver hub
[    0.536017] usbcore: registered new device driver usb
[    0.540076] EDAC MC: Ver: 3.0.0
[    0.549055] PCI: Using ACPI for IRQ routing
[    0.552944] NetLabel: Initializing
[    0.556004] NetLabel:  domain hash size = 128
[    0.560003] NetLabel:  protocols = UNLABELED CIPSOv4 CALIPSO
[    0.564036] NetLabel:  unlabeled traffic allowed by default
[    0.568166] clocksource: Switched to clocksource kvm-clock
[    0.648118] VFS: Disk quotas dquot_6.6.0
[    0.656188] VFS: Dquot-cache hash table entries: 512 (order 0, 4096 bytes)
[    0.665593] AppArmor: AppArmor Filesystem Enabled
[    0.672215] pnp: PnP ACPI init
[    0.680697] pnp: PnP ACPI: found 3 devices
[    0.702518] clocksource: acpi_pm: mask: 0xffffff max_cycles: 0xffffff, max_idle_ns: 2085701024 ns
[    0.713995] NET: Registered protocol family 2
[    0.719860] IP idents hash table entries: 8192 (order: 4, 65536 bytes)
[    0.728793] TCP established hash table entries: 4096 (order: 3, 32768 bytes)
[    0.738288] TCP bind hash table entries: 4096 (order: 4, 65536 bytes)
[    0.745144] TCP: Hash tables configured (established 4096 bind 4096)
[    0.754037] UDP hash table entries: 256 (order: 1, 8192 bytes)
[    0.761292] UDP-Lite hash table entries: 256 (order: 1, 8192 bytes)
[    0.770790] NET: Registered protocol family 1
[    0.776940] pci 0000:00:00.0: Limiting direct PCI/PCI transfers
[    0.784660] pci 0000:00:01.0: Activating ISA DMA hang workarounds
[    0.792536] pci 0000:00:02.0: Video device with shadowed ROM at [mem 0x000c0000-0x000dffff]
[    0.803542] Unpacking initramfs...
[    1.448361] Freeing initrd memory: 19528K
[    1.456324] clocksource: tsc: mask: 0xffffffffffffffff max_cycles: 0x26bef4a354e, max_idle_ns: 440795213564 ns
[    1.468689] platform rtc_cmos: registered platform RTC device (no PNP device found)
[    1.478693] Scanning for low memory corruption every 60 seconds
[    1.486746] Initialise system trusted keyrings
[    1.492554] Key type blacklist registered
[    1.497972] workingset: timestamp_bits=36 max_order=17 bucket_order=0
[    1.509134] zbud: loaded
[    1.514041] squashfs: version 4.0 (2009/01/31) Phillip Lougher
[    1.521906] fuse init (API version 7.26)
[    1.529902] Key type asymmetric registered
[    1.535421] Asymmetric key parser 'x509' registered
[    1.541820] Block layer SCSI generic (bsg) driver version 0.4 loaded (major 246)
[    1.551474] io scheduler noop registered
[    1.556731] io scheduler deadline registered
[    1.562736] io scheduler cfq registered (default)
[    1.569330] ACPI: AC Adapter [AC] (on-line)
[    1.574989] input: Power Button as /devices/LNXSYSTM:00/LNXPWRBN:00/input/input0
[    1.584734] ACPI: Power Button [PWRF]
[    1.589529] input: Sleep Button as /devices/LNXSYSTM:00/LNXSLPBN:00/input/input1
[    1.598602] ACPI: Sleep Button [SLPF]
[    1.606032] ACPI: Battery Slot [BAT0] (battery present)
[    1.613115] Serial: 8250/16550 driver, 32 ports, IRQ sharing enabled
[    1.657457] 00:02: ttyS0 at I/O 0x3f8 (irq = 4, base_baud = 115200) is a 16550A
[    1.671026] Linux agpgart interface v0.103
[    1.679816] loop: module loaded
[    1.686256] scsi host0: ata_piix
[    1.690571] scsi host1: ata_piix
[    1.694825] ata1: PATA max UDMA/33 cmd 0x1f0 ctl 0x3f6 bmdma 0xd000 irq 14
[    1.703731] ata2: PATA max UDMA/33 cmd 0x170 ctl 0x376 bmdma 0xd008 irq 15
[    1.715458] tun: Universal TUN/TAP device driver, 1.6
[    1.721891] PPP generic driver version 2.4.2
[    1.727913] ehci_hcd: USB 2.0 'Enhanced' Host Controller (EHCI) Driver
[    1.736089] ehci-pci: EHCI PCI platform driver
[    1.741823] ehci-platform: EHCI generic platform driver
[    1.748488] ohci_hcd: USB 1.1 'Open' Host Controller (OHCI) Driver
[    1.756006] ohci-pci: OHCI PCI platform driver
[    1.762378] ohci-platform: OHCI generic platform driver
[    1.765166] uhci_hcd: USB Universal Host Controller Interface driver
[    1.767733] i8042: PNP: PS/2 Controller [PNP0303:PS2K,PNP0f03:PS2M] at 0x60,0x64 irq 1,12
[    1.782374] serio: i8042 KBD port at 0x60,0x64 irq 1
[    1.789055] serio: i8042 AUX port at 0x60,0x64 irq 12
[    1.795392] mousedev: PS/2 mouse device common for all mice
[    1.804908] input: AT Translated Set 2 keyboard as /devices/platform/i8042/serio0/input/input2
[    1.817863] rtc_cmos rtc_cmos: rtc core: registered rtc_cmos as rtc0
[    1.826860] rtc_cmos rtc_cmos: alarms up to one day, 114 bytes nvram
[    1.836029] i2c /dev entries driver
[    1.840882] device-mapper: uevent: version 1.0.3
[    1.846759] device-mapper: ioctl: 4.37.0-ioctl (2017-09-20) initialised: dm-devel@redhat.com
[    1.857366] ledtrig-cpu: registered to indicate activity on CPUs
[    1.865406] NET: Registered protocol family 10
[    1.950064] Segment Routing with IPv6
[    1.955426] NET: Registered protocol family 17
[    1.961363] Key type dns_resolver registered
[    1.966926] mce: Using 0 MCE banks
[    1.971511] RAS: Correctable Errors collector initialized.
[    1.978853] sched_clock: Marking stable (1978775032, 0)->(3100576620, -1121801588)
[    1.988577] registered taskstats version 1
[    1.993867] Loading compiled-in X.509 certificates
[    2.003039] Loaded X.509 cert 'Build time autogenerated kernel key: b5b26778eaa3ab3a4a6cee031137706e947d12ad'
[    2.015855] Loaded X.509 cert 'Canonical Ltd. Live Patch Signing: 14df34d1a87cf37625abec039ef2bf521249b969'
[    2.029681] Loaded X.509 cert 'Canonical Ltd. Kernel Module Signing: 88f752e560a1e0737e31163a466ad7b70a850c19'
[    2.042272] blacklist: Loading compiled-in revocation X.509 certificates
[    2.050677] Loaded X.509 cert 'Canonical Ltd. Secure Boot Signing: 61482aa2830d0ab2ad5af10b7250da9033ddcef0'
[    2.063801] Loaded X.509 cert 'Canonical Ltd. Secure Boot Signing (2017): 242ade75ac4a15e50d50c84b0d45ff3eae707a03'
[    2.077581] Loaded X.509 cert 'Canonical Ltd. Secure Boot Signing (ESM 2018): 365188c1d374d6b07c3c8f240f8ef722433d6a8b'
[    2.089476] Loaded X.509 cert 'Canonical Ltd. Secure Boot Signing (2019): c0746fd6c5da3ae827864651ad66ae47fe24b3e8'
[    2.094050] Loaded X.509 cert 'Canonical Ltd. Secure Boot Signing (2021 v1): a8d54bbb3825cfb94fa13c9f8a594a195c107b8d'
[    2.098068] Loaded X.509 cert 'Canonical Ltd. Secure Boot Signing (2021 v2): 4cf046892d6fd3c9a5b03f98d845f90851dc6a8c'
[    2.102388] Loaded X.509 cert 'Canonical Ltd. Secure Boot Signing (2021 v3): 100437bb6de6e469b581e61cd66bce3ef4ed53af'
[    2.106505] Loaded X.509 cert 'Canonical Ltd. Secure Boot Signing (Ubuntu Core 2019): c1d57b8f6b743f23ee41f4f7ee292f06eecadfb9'
[    2.111141] zswap: loaded using pool lzo/zbud
[    2.118190] Key type big_key registered
[    2.123403] Key type trusted registered
[    2.130932] Key type encrypted registered
[    2.136105] AppArmor: AppArmor sha1 policy hashing enabled
[    2.143145] ima: No TPM chip found, activating TPM-bypass! (rc=-19)
[    2.151095] ima: Allocated hash algorithm: sha1
[    2.156902] evm: HMAC attrs: 0x1
[    2.162036]   Magic number: 0:638:158
[    2.167636] rtc_cmos rtc_cmos: setting system clock to 2024-11-09 03:10:04 UTC (1731121804)
[    2.178164] BIOS EDD facility v0.16 2004-Jun-25, 0 devices found
[    2.185746] EDD information not available.
[    2.194203] Freeing unused kernel image memory: 2480K
[    2.208818] Write protecting the kernel read-only data: 20480k
[    2.211795] Freeing unused kernel image memory: 2008K
[    2.218150] Freeing unused kernel image memory: 1820K
[    2.229695] x86/mm: Checked W+X mappings: passed, no W+X pages found.
Loading, please wait...
starting version 237
[    2.358872] e1000: Intel(R) PRO/1000 Network Driver - version 7.3.21-k8-NAPI
[    2.368612] e1000: Copyright (c) 1999-2006 Intel Corporation.
[    2.378600] Fusion MPT base driver 3.04.20
[    2.384183] Copyright (c) 1999-2008 LSI Corporation
[    2.403978] SSE version of gcm_enc/dec engaged.
[    2.455225] Fusion MPT SPI Host driver 3.04.20
[    2.647516] input: ImExPS/2 Generic Explorer Mouse as /devices/platform/i8042/serio1/input/input4
[    3.306202] e1000 0000:00:03.0 eth0: (PCI:33MHz:32-bit) 02:3b:7b:b7:3b:2d
[    3.314715] e1000 0000:00:03.0 eth0: Intel(R) PRO/1000 Network Connection
[    3.326697] e1000 0000:00:03.0 enp0s3: renamed from eth0
[    3.335163] mptbase: ioc0: Initiating bringup
[    3.453243] ioc0: LSI53C1030 A0: Capabilities={Initiator}
[    3.713190] scsi host2: ioc0: LSI53C1030 A0, FwRev=00000000h, Ports=1, MaxQ=256, IRQ=20
[    3.888782] scsi 2:0:0:0: Direct-Access     VBOX     HARDDISK         1.0  PQ: 0 ANSI: 5
[    3.892617] scsi target2:0:0: Beginning Domain Validation
[    3.897761] scsi target2:0:0: Domain Validation skipping write tests
[    3.905651] scsi target2:0:0: Ending Domain Validation
[    3.912709] scsi target2:0:0: asynchronous
[    3.921234] scsi 2:0:1:0: Direct-Access     VBOX     HARDDISK         1.0  PQ: 0 ANSI: 5
[    3.932705] scsi target2:0:1: Beginning Domain Validation
[    3.950026] scsi target2:0:1: Domain Validation skipping write tests
[    3.959157] scsi target2:0:1: Ending Domain Validation
[    3.966460] scsi target2:0:1: asynchronous
[    3.982320] sd 2:0:0:0: [sda] 83886080 512-byte logical blocks: (42.9 GB/40.0 GiB)
[    3.989926] sd 2:0:0:0: Attached scsi generic sg0 type 0
[    3.996951] sd 2:0:0:0: [sda] Write Protect is off
[    4.005333] sd 2:0:1:0: [sdb] 20480 512-byte logical blocks: (10.5 MB/10.0 MiB)
[    4.014821] sd 2:0:1:0: Attached scsi generic sg1 type 0
[    4.022353] sd 2:0:1:0: [sdb] Write Protect is off
[    4.028795] sd 2:0:0:0: [sda] Incomplete mode parameter data
[    4.036000] sd 2:0:0:0: [sda] Assuming drive cache: write through
[    4.044903] sd 2:0:1:0: [sdb] Incomplete mode parameter data
[    4.052171] sd 2:0:1:0: [sdb] Assuming drive cache: write through
[    4.061411]  sda: sda1
[    4.072589] sd 2:0:1:0: [sdb] Attached SCSI disk
[    4.078332] sd 2:0:0:0: [sda] Attached SCSI disk
Begin: Loading essential drivers ... [    5.788114] raid6: sse2x1   gen() 14724 MB/s
[    5.840166] raid6: sse2x1   xor()  6817 MB/s
[    5.892162] raid6: sse2x2   gen() 15211 MB/s
[    5.944071] raid6: sse2x2   xor()  8723 MB/s
[    5.996143] raid6: sse2x4   gen() 16455 MB/s
[    6.060079] raid6: sse2x4   xor() 10479 MB/s
[    6.066088] raid6: using algorithm sse2x4 gen() 16455 MB/s
[    6.073530] raid6: .... xor() 10479 MB/s, rmw enabled
[    6.082598] raid6: using ssse3x2 recovery algorithm
[    6.090621] xor: measuring software checksum speed
[    6.204084]    prefetch64-sse: 79644.000 MB/sec
[    6.308178]    generic_sse: 77981.000 MB/sec
[    6.314342] xor: using function: prefetch64-sse (79644.000 MB/sec)
[    6.323835] async_tx: api initialized (async)
done.
Begin: Running /scripts/init-premount ... done.
Begin: Mounting root file system ... Begin: Running /scripts/local-top ... done.
Begin: Running /scripts/local-premount ... [    6.400033] Btrfs loaded, crc32c=crc32c-intel
Scanning for Btrfs filesystems
done.
Warning: fsck not present, so skipping root file system
[    6.437188] EXT4-fs (sda1): mounted filesystem with ordered data mode. Opts: (null)
done.
Begin: Running /scripts/local-bottom ... done.
Begin: Running /scripts/init-bottom ... done.
[    6.614191] ip_tables: (C) 2000-2006 Netfilter Core Team
[    6.627375] systemd[1]: systemd 237 running in system mode. (+PAM +AUDIT +SELINUX +IMA +APPARMOR +SMACK +SYSVINIT +UTMP +LIBCRYPTSETUP +GCRYPT +GNUTLS +ACL +XZ +LZ4 +SECCOMP +BLKID +ELFUTILS +KMOD -IDN2 +IDN -PCRE2 default-hierarchy=hybrid)
[    6.635558] systemd[1]: Detected virtualization oracle.
[    6.637571] systemd[1]: Detected architecture x86-64.

Welcome to [1mUbuntu 18.04.6 LTS[0m!

[    6.642037] systemd[1]: Set hostname to <ubuntu>.
[    6.650693] systemd[1]: Initializing machine ID from random generator.
[    6.656244] systemd[1]: Installed transient /etc/machine-id file.
[    6.886770] systemd[1]: Reached target System Time Synchronized.
[[0;32m  OK  [0m] Reached target System Time Synchronized.
[    6.891073] systemd[1]: Set up automount Arbitrary Executable File Formats File System Automount Point.
[[0;32m  OK  [0m] Set up automount Arbitrary Executabâ€¦rmats File System Automount Point.
[    6.905197] systemd[1]: Started Forward Password Requests to Wall Directory Watch.
[[0;32m  OK  [0m] Started Forward Password Requests to Wall Directory Watch.
[    6.922665] systemd[1]: Created slice User and Session Slice.
[[0;32m  OK  [0m] Created slice User and Session Slice.
[[0;32m  OK  [0m] Reached target Swap.
[[0;32m  OK  [0m] Created slice System Slice.
[[0;32m  OK  [0m] Listening on LVM2 metadata daemon socket.
[[0;32m  OK  [0m] Listening on LVM2 poll daemon socket.
[[0;32m  OK  [0m] Listening on Device-mapper event daemon FIFOs.
[[0;32m  OK  [0m] Listening on udev Control Socket.
[[0;32m  OK  [0m] Listening on /dev/initctl Compatibility Named Pipe.
[[0;32m  OK  [0m] Created slice system-serial\x2dgetty.slice.
[[0;32m  OK  [0m] Listening on Syslog Socket.
[[0;32m  OK  [0m] Listening on Journal Socket.
         Mounting POSIX Message Queue File System...
         Mounting Kernel Debug File System...
         Mounting Huge Pages File System...
         Starting Set the console keyboard layout...
[[0;32m  OK  [0m] Listening on Journal Socket (/dev/log).
[[0;32m  OK  [0m] Reached target Slices.
[[0;32m  OK  [0m] Reached target User and Group Name Lookups.
         Starting Load Kernel Modules...
         Starting Create list of required stâ€¦ce nodes for the current kernel...
[[0;32m  OK  [0m] Reached target Mounting snaps.
[[0;32m  OK  [0m] Reached target Mounted snaps.
         Starting Uncomplicated firewall...
[[0;32m  OK  [0m] Listening on fsck to fsckd communication Socket.
         Starting File System Check on Root Device...
[[0;32m  OK  [0m] Listening on udev Kernel Socket.
[    7.059873] Loading iSCSI transport class v2.0-870.
         Starting udev Coldplug all Devices...[    7.071937] iscsi: registered transport (tcp)

[[0;32m  OK  [0m] Listening on Journal Audit Socket.
         Starting Journal Service...
[[0;32m  OK  [0m] Listening on Network Service Netlink Socket.
         Starting Monitoring of LVM2 mirrorsâ€¦ng dmeventd or progress polling...
[[0;32m  OK  [0m] Mounted POSIX Message Queue File System.
[[0;32m  OK  [0m] Mounted Kernel Debug File System.
[[0;32m  OK  [0m] Mounted Huge Pages File System.
[[0;32m  OK  [0m] Started Create list of required staâ€¦vice nodes for the current kernel.
[[0;32m  OK  [0m] Started Uncomplicated firewall.
[[0;32m  OK  [0m] Started File System Check Daemon to report status.
         Starting Create Static Device Nodes in /dev...
[[0;32m  OK  [0m] Started udev Coldplug all Devices.
[[0;32m  OK  [0m] Started LVM2 metadata daemon.
[[0;32m  OK  [0m] Started Create Static Device Nodes in /dev.
[[0;32m  OK  [0m] Started Journal Service.
[[0;32m  OK  [0m] Started File System Check on Root Device.
         Starting Remount Root and Kernel File Systems...
[    7.311245] iscsi: registered transport (iser)
[[0;32m  OK  [0m] Started Load Kernel Modules.
         Mounting FUSE Control File System...
         Mounting Kernel Configuration File System...
         Starting Apply Kernel Variables...
[[0;32m  OK  [0m] Started Monitoring of LVM2 mirrors,â€¦sing dmeventd or progress polling.
[[0;32m  OK  [0m] Mounted FUSE Control File System.
[[0;32m  OK  [0m] Mounted Kernel Configuration File System.
[[0;32m  OK  [0m] Started Remount Root and Kernel File Systems.
         Starting udev Kernel Device Manager...
         Starting Flush Journal to Persistent Storage...
         Starting Load/Save Random Seed...
[[0;32m  OK  [0m] Started udev Kernel Device Manager.
[[0;32m  OK  [0m] Started Load/Save Random Seed.
[[0;32m  OK  [0m] Started Apply Kernel Variables.
[[0;32m  OK  [0m] Started Flush Journal to Persistent Storage.
[[0;32m  OK  [0m] Found device /dev/ttyS0.
[[0;32m  OK  [0m] Listening on Load/Save RF Kill Switch Status /dev/rfkill Watch.
[[0;32m  OK  [0m] Started Set the console keyboard layout.
[[0;32m  OK  [0m] Started Dispatch Password Requests to Console Directory Watch.
[[0;32m  OK  [0m] Reached target Local Encrypted Volumes.
[[0;32m  OK  [0m] Reached target Local File Systems (Pre).
[[0;32m  OK  [0m] Reached target Local File Systems.
         Starting Commit a transient machine-id on disk...
         Starting AppArmor initialization...
         Starting ebtables ruleset management...
         Starting Create Volatile Files and Directories...
         Starting Tell Plymouth To Write Out Runtime Data...
         Starting Set console font and keymap...
[[0;32m  OK  [0m] Started Tell Plymouth To Write Out Runtime Data.
[[0;32m  OK  [0m] Started Commit a transient machine-id on disk.
[[0;32m  OK  [0m] Started Create Volatile Files and Directories.
         Mounting Arbitrary Executable File Formats File System...
         Starting Update UTMP about System Boot/Shutdown...
[[0;32m  OK  [0m] Mounted Arbitrary Executable File Formats File System.
[[0;32m  OK  [0m] Started ebtables ruleset management.
[[0;32m  OK  [0m] Started Update UTMP about System Boot/Shutdown.
[[0;32m  OK  [0m] Started AppArmor initialization.
         Starting Initial cloud-init job (pre-networking)...
         Starting Load AppArmor profiles managed internally by snapd...
[[0;32m  OK  [0m] Started Load AppArmor profiles managed internally by snapd.
[[0;32m  OK  [0m] Started Set console font and keymap.
[   11.933323] cloud-init[776]: Cloud-init v. 23.1.2-0ubuntu0~18.04.1 running 'init-local' at Sat, 09 Nov 2024 03:10:14 +0000. Up 11.69 seconds.
[[0;32m  OK  [0m] Started Initial cloud-init job (pre-networking).
[[0;32m  OK  [0m] Reached target Network (Pre).
         Starting Network Service...
[[0;32m  OK  [0m] Started Network Service.
         Starting Network Name Resolution...
         Starting Wait for Network to be Configured...
[[0;32m  OK  [0m] Started Network Name Resolution.
[[0;32m  OK  [0m] Reached target Network.
[[0;32m  OK  [0m] Reached target Host and Network Name Lookups.
[[0;32m  OK  [0m] Started Wait for Network to be Configured.
         Starting Initial cloud-init job (metadata service crawler)...
[   14.532283] cloud-init[933]: Cloud-init v. 23.1.2-0ubuntu0~18.04.1 running 'init' at Sat, 09 Nov 2024 03:10:16 +0000. Up 14.44 seconds.
[   14.537589] cloud-init[933]: ci-info: ++++++++++++++++++++++++++++++++++++++Net device info++++++++++++++++++++++++++++++++++++++
[   14.541108] cloud-init[933]: ci-info: +--------+------+----------------------------+---------------+--------+-------------------+
[   14.549146] cloud-init[933]: ci-info: | Device |  Up  |          Address           |      Mask     | Scope  |     Hw-Address    |
[   14.554637] cloud-init[933]: ci-info: +--------+------+----------------------------+---------------+--------+-------------------+
[   14.558996] cloud-init[933]: ci-info: | enp0s3 | True |         10.0.2.15          | 255.255.255.0 | global | 02:3b:7b:b7:3b:2d |
[   14.573034] cloud-init[933]: ci-info: | enp0s3 | True | fd00::3b:7bff:feb7:3b2d/64 |       .       | global | 02:3b:7b:b7:3b:2d |
[   14.585083] cloud-init[933]: ci-info: | enp0s3 | True | fe80::3b:7bff:feb7:3b2d/64 |       .       |  link  | 02:3b:7b:b7:3b:2d |
[   14.588340] cloud-init[933]: ci-info: |   lo   | True |         127.0.0.1          |   255.0.0.0   |  host  |         .         |
[   14.603160] cloud-init[933]: ci-info: |   lo   | True |          ::1/128           |       .       |  host  |         .         |
[   14.615107] cloud-init[933]: ci-info: +--------+------+----------------------------+---------------+--------+-------------------+
[   14.634531] cloud-init[933]: ci-info: ++++++++++++++++++++++++++++Route IPv4 info+++++++++++++++++++++++++++++
[   14.650829] cloud-init[933]: ci-info: +-------+-------------+----------+-----------------+-----------+-------+
[   14.656884] cloud-init[933]: ci-info: | Route | Destination | Gateway  |     Genmask     | Interface | Flags |
[   14.660615] cloud-init[933]: ci-info: +-------+-------------+----------+-----------------+-----------+-------+
[   14.665036] cloud-init[933]: ci-info: |   0   |   0.0.0.0   | 10.0.2.2 |     0.0.0.0     |   enp0s3  |   UG  |
[   14.678976] cloud-init[933]: ci-info: |   1   |   10.0.2.0  | 0.0.0.0  |  255.255.255.0  |   enp0s3  |   U   |
[   14.696035] cloud-init[933]: ci-info: |   2   |   10.0.2.2  | 0.0.0.0  | 255.255.255.255 |   enp0s3  |   UH  |
[   14.711124] cloud-init[933]: ci-info: +-------+-------------+----------+-----------------+-----------+-------+
[   14.727486] cloud-init[933]: ci-info: +++++++++++++++++++Route IPv6 info+++++++++++++++++++
[   14.743482] cloud-init[933]: ci-info: +-------+-------------+---------+-----------+-------+
[   14.756518] cloud-init[933]: ci-info: | Route | Destination | Gateway | Interface | Flags |
[   14.778965] cloud-init[933]: ci-info: +-------+-------------+---------+-----------+-------+
[   14.783924] cloud-init[933]: ci-info: |   1   |  fd00::/64  |    ::   |   enp0s3  |   U   |
[   14.797249] cloud-init[933]: ci-info: |   2   |  fe80::/64  |    ::   |   enp0s3  |   U   |
[   14.800491] cloud-init[933]: ci-info: |   3   |     ::/0    | fe80::2 |   enp0s3  |   UG  |
[   14.816392] cloud-init[933]: ci-info: |   5   |    local    |    ::   |   enp0s3  |   U   |
[   14.836534] cloud-init[933]: ci-info: |   6   |   ff00::/8  |    ::   |   enp0s3  |   U   |
[   14.857034] cloud-init[933]: ci-info: +-------+-------------+---------+-----------+-------+
[   15.340877] cloud-init[933]: Generating public/private rsa key pair.
[   15.356632] cloud-init[933]: Your identification has been saved in /etc/ssh/ssh_host_rsa_key.
[   15.376243] cloud-init[933]: Your public key has been saved in /etc/ssh/ssh_host_rsa_key.pub.
[   15.384786] cloud-init[933]: The key fingerprint is:
[   15.396432] cloud-init[933]: SHA256:TNajf3AuWtD3gaMIkEcXec46shzg/YPI/++nvvocQdE root@ubuntu-bionic
[   15.399022] cloud-init[933]: The key's randomart image is:
[   15.401459] cloud-init[933]: +---[RSA 2048]----+
[   15.403156] cloud-init[933]: |      . oo..     |
[   15.409203] cloud-init[933]: |     o .....E    |
[[   15.413028] cloud-init[933]: |    o . o++      |[0;32m  OK  [0m] Started Initial cloud-init job (metadata service crawler).
[   15.422902] 
[[0;32m  OK  [0m] cloud-initReached target Cloud-config availability.
[[0;32m  OK  [0m] Reached target System Initialization.[933]: |    .o + +o. .   |
[   15.438337] cloud-init[933]: |   . o. S.+ = .  |
[   15.440018] 
[[0;32m  OK  [0m] Listening on UUID daemon activation socket.
[[0;32m  OK  [0m] Started ACPI Events Check.
         Starting LXD - unix socket.
[[0;32m  OK  [0m] Started Message of the Day.
[[0;32m  OK  [0m] Started Ubuntu Advantage Timer for running repeated jobs.
cloud-init[933]: |    . +.o+ B o . |
[   15.450239] cloud-init[933]: |   . o *..* o .  |
[   15.450259] cloud-init[933]: |    o + o+ +.    |
[   15.450271] cloud-init[933]: |     ...+BO+     |
[   15.450281] cloud-init[933]: +----[SHA256]-----+
[   15.450293] cloud-init[933]: Generating public/private dsa key pair.
[   15.450302] cloud-init[933]: Your identification has been saved in /etc/ssh/ssh_host_dsa_key.
[   15.450313] cloud-init[933]: Your public key has been saved in /etc/ssh/ssh_host_dsa_key.pub.
[   15.450323] cloud-init[933]: The key fingerprint is:
[   15.450332] cloud-init[933]: SHA256:TFHESYO66iLKZNyg36Yix06itNLDrdeEKf5kJBVkYjc root@ubuntu-bionic
[   15.450341] cloud-init[933]: The key's randomart image is:
[   15.450352] cloud-init[933]: +---[DSA 1024]----+
[   15.450576] cloud-init[933]: |  o.E   .*=.     |
[   15.450590] cloud-init[933]: | . + o  ..o.     |
[   15.450600] cloud-init[933]: |    .  ..        |
[   15.450613] cloud-init[933]: |   .  .o         |
[   15.450624] cloud-init[933]: | .. .o .S        |
[   15.450634] cloud-init[933]: |o +oo o          |
[   15.450642] cloud-init[933]: |oX.+o+           |
[   15.450653] cloud-init[933]: |@+X+= .          |
[   15.450664] cloud-init[933]: |*B=X+            |
[   15.450674] cloud-init[933]: +----[SHA256]-----+
[   15.450684] cloud-init[933]: Generating public/private ecdsa key pair.
[   15.450694] cloud-init[933]: Your identification has been saved in /etc/ssh/ssh_host_ecdsa_key.
[   15.450705] cloud-init[933]: Your public key has been saved in /etc/ssh/ssh_host_ecdsa_key.pub.
[[0;32m  OK  [0m] Started Daily apt download activities.
[[0;32m  OK  [0m] Started Daily Cleanup of Temporary Directories.
[[0;32m  OK  [0m] Listening on ACPID Listen Socket.
[[0;32m  OK  [0m] Started Daily apt upgrade and clean activities.
[[0;32m  OK  [0m] Listening on cloud-init hotplug hook socket.
         Starting Socket activation for snappy daemon.
[[0;32m  OK  [0m] Listening on D-Bus System Message Bus Socket.
[[0;32m  OK  [0m] Reached target Paths.
[[0;32m  OK  [0m] Started Discard unused blocks once a week.
[[0;32m  OK  [0m] Reached target Timers.
[[0;32m  OK  [0m] Listening on Open-iSCSI iscsid Socket.
[[0;32m  OK  [0m] Reached target Network is Online.
[[0;32m  OK  [0m] Reached target Remote File Systems (Pre).
[   15.516245] [[0;32m  OK  [0m] Reached target Remote File Systems.
cloud-init[933]: The key fingerprint is:         Starting Availability of block devices...
[[0;32m  OK  [0m] Listening on LXD - unix socket.
[
[   15.525674] cloud-init[933]: SHA256:avmbJnl/qIlXc4NpdxHH7yn5M7XyEX80r03WhPWXjXo root@ubuntu-bionic
[   15.527606] cloud-init[0;32m  OK  [0m] Listening on Socket activation for snappy daemon.
[[0;32m  OK  [0m] Reached target Sockets.
[[0;32m  OK  [0m] Reached target Basic System.
[933]: The key's randomart image is:         Starting Dispatcher daemon for systemd-networkd...
[   15.541589] cloud-init[933]: +---[ECDSA 256]---+
[   15.543189] cloud-init[933]: 
         Starting Login Service...
         Starting Pollinate to seed the pseudo random number generator...
         Starting LSB: Record successful boot for GRUB...
         Starting System Logging Service...
         Starting LSB: automatic crash report generation...
[[0;32m  OK  [0m|               . |] Started D-Bus System Message Bus.

[   15.607044] cloud-init[933]: |              . o|
[   15.633825] cloud-init[933]: |               oo|
[   15.663292] cloud-init[933]: |              .+=|
[   15.682423] cloud-init         Starting Permit User Sessions...
[933]: [[0;32m  OK  [0m] Started FUSE filesystem for LXC.
[[0;32m  OK  [0m] Started Deferred execution scheduler.
         Starting Virtualbox guest utils...
|        S  o  +*B|
[   15.745270] cloud-init[933]: |       o  * ++.+X|
[   15.762866] cloud-init[933]: [[0;32m  OK  [0m] Started Regular background program processing daemon.
|      +. o =.oE.X|
[   15.808423] cloud-init[933]: |     .oo+o. .o Xo|
[   15.815777] cloud-init[933]: |      .=*+..  +.+|
[[0;32m  OK  [0m] Started irqbalance daemon.
[   15.848796] cloud-init[933]: +----[SHA256]-----+
[   15.874009] cloud-init[933]: Generating public/private ed25519 key pair.
[   15.896849] cloud-init[933]: Your identification has been saved in /etc/ssh/ssh_host_ed25519_key.
[   15.923947] cloud-init         Starting Snap Daemon...
[933]: [[0;32m  OK  [0m] Reached target Login Prompts (Pre).
Your public key has been saved in /etc/ssh/ssh_host_ed25519_key.pub.         Starting Accounts Service...
         Starting LXD - container startup/shutdown...
[[0;32m  OK  [0m] Started System Logging Service.
[[0;32m  OK  [0m] Started Availability of block devices.

[[0;32m  OK  [0m] [   15.976895] Started Permit User Sessions.
cloud-init[933]: The key fingerprint is:
[   15.995467] cloud-init[933]: SHA256:DppYrK6yg7i3p0Fx0xKMwkWzyDAowYmYd5pWhoGi1Dc root@ubuntu-bionic
[   16.015398] cloud-init[933]: The key's randomart image is:
[   16.023955] cloud-init[933]: +--[ED25519 256]--+
[   16.029230] cloud-init[933]: |X+*O.            |
[   16.034333] cloud-init[933]: |%*=.BE           |
[   16.041188] cloud-init[933]: |==.B= o          |
[   16.044682] cloud-init[933]: |. ++ o           |
[   16.052753] cloud-init[933]: | .. o . S        |
[   16.061427] cloud-init[933]: | . + o o         |
[   16.071689] cloud-init[933]: |o + o   .        |
[   16.077139] cloud-init[933]: |=....            |
[   16.085540] cloud-init[933]: |=*++             |
[   16.101221] cloud-init[933]: +----[SHA256]-----+
[[0;32m  OK  [0m] Started Dispatcher daemon for systemd-networkd.
[[0;32m  OK  [0m] Started Login Service.
[[0;32m  OK  [0m] Started Unattended Upgrades Shutdown.
         Starting Hostname Service...
         Starting Terminate Plymouth Boot Screen...
         Starting Hold until boot process finishes up...
[[0;32m  OK  [0m] Started Hold until boot process finishes up.
[[0;32m  OK  [0m] Started Serial Getty on ttyS0.
         Starting Set console scheme...
[[0;32m  OK  [0m] Started Terminate Plymouth Boot Screen.
[[0;32m  OK  [0m] Started LSB: automatic crash report generation.
[[0;32m  OK  [0m] Started Set console scheme.
[[0;32m  OK  [0m] Created slice system-getty.slice.
[[0;32m  OK  [0m] Started Getty on tty1.
[[0;32m  OK  [0m] Reached target Login Prompts.
[[0;32m  OK  [0m] Started Hostname Service.
         Starting Authorization Manager...
[[0;32m  OK  [0m] Started LSB: Record successful boot for GRUB.
[[0;32m  OK  [0m] Started Virtualbox guest utils.
[[0;32m  OK  [0m] Started Authorization Manager.
[[0;32m  OK  [0m] Started Accounts Service.
[[0;32m  OK  [0m] Started LXD - container startup/shutdown.
[[0;32m  OK  [0m] Started Snap Daemon.
         Starting Wait until snapd is fully seeded...
[[0;32m  OK  [0m] Started Pollinate to seed the pseudo random number generator.
         Starting OpenBSD Secure Shell server...
[[0;32m  OK  [0m] Started OpenBSD Secure Shell server.
         Starting Time & Date Service...
[[0;32m  OK  [0m] Started Time & Date Service.
[[0;32m  OK  [0m] Created slice User Slice of vagrant.
[[0;32m  OK  [0m] Started Session 1 of user vagrant.
         Starting User Manager for UID 1000...
[[0;32m  OK  [0m] Started User Manager for UID 1000.
[[0;32m  OK  [0m] Started Wait until snapd is fully seeded.
         Starting Apply the settings specified in cloud-config...
[   22.527654] cloud-init[1480]: Cloud-init v. 23.1.2-0ubuntu0~18.04.1 running 'modules:config' at Sat, 09 Nov 2024 03:10:24 +0000. Up 21.77 seconds.

Ubuntu 18.04.6 LTS ubuntu-bionic ttyS0

ubuntu-bionic login: ci-info: no authorized SSH keys fingerprints found for user ubuntu.
<14>Nov  9 03:10:25 cloud-init: #############################################################
<14>Nov  9 03:10:25 cloud-init: -----BEGIN SSH HOST KEY FINGERPRINTS-----
<14>Nov  9 03:10:25 cloud-init: 1024 SHA256:TFHESYO66iLKZNyg36Yix06itNLDrdeEKf5kJBVkYjc root@ubuntu-bionic (DSA)
<14>Nov  9 03:10:25 cloud-init: 256 SHA256:avmbJnl/qIlXc4NpdxHH7yn5M7XyEX80r03WhPWXjXo root@ubuntu-bionic (ECDSA)
<14>Nov  9 03:10:25 cloud-init: 256 SHA256:DppYrK6yg7i3p0Fx0xKMwkWzyDAowYmYd5pWhoGi1Dc root@ubuntu-bionic (ED25519)
<14>Nov  9 03:10:25 cloud-init: 2048 SHA256:TNajf3AuWtD3gaMIkEcXec46shzg/YPI/++nvvocQdE root@ubuntu-bionic (RSA)
<14>Nov  9 03:10:25 cloud-init: -----END SSH HOST KEY FINGERPRINTS-----
<14>Nov  9 03:10:25 cloud-init: #############################################################
-----BEGIN SSH HOST KEY KEYS-----
ecdsa-sha2-nistp256 AAAAE2VjZHNhLXNoYTItbmlzdHAyNTYAAAAIbmlzdHAyNTYAAABBBFxvjkPq4A2hJPv9lWp3ttZFv2w8k9cBSjJZq3eqV+SZ7Uv+Xkd9QbjQ/tbPDip4uxKMiSrDbw81op7ug1q6xR4= root@ubuntu-bionic
ssh-ed25519 AAAAC3NzaC1lZDI1NTE5AAAAIJw3aHT6xyp1GSRNwy/tfon4dB99GMXw5YhWNd/L1JTG root@ubuntu-bionic
ssh-rsa AAAAB3NzaC1yc2EAAAADAQABAAABAQCqd8UbM1jvss+9PWnJwzQsFsDwKjX03pUmvT0T6a+Rr1bzeHpND2E99R9DzW7DYQAc2oMXbgXj9KHWTna80dwIZXih4IS291Zg1CC4PrrYxWmmp67ZJrg0Lke4CIuUZtnEk1Ma6j+nK+umJ3FTriZNqxtX2gPyaedzudgVb7yQp9tiZGZ6zy1T1DEtQfeZkMd7tHPGYD6WX3LkOcPXXpmT8ZTQ6XWdEJQJxjtIPQCCPKqDgNkI787hIEOtyzoP7//kGqgsP4WzGDjdJtKo8aGKG8VVgxo7dzYxjN9kgmtGB6MNgi6NwaEP+QLh6HllP4ygaDQ44myhXATx/qyQaJUD root@ubuntu-bionic
-----END SSH HOST KEY KEYS-----
[   23.585703] cloud-init[1637]: Cloud-init v. 23.1.2-0ubuntu0~18.04.1 running 'modules:final' at Sat, 09 Nov 2024 03:10:25 +0000. Up 23.34 seconds.
[   23.618826] cloud-init[1637]: Cloud-init v. 23.1.2-0ubuntu0~18.04.1 finished at Sat, 09 Nov 2024 03:10:25 +0000. Datasource DataSourceNoCloud [seed=/dev/sdb][dsmode=net].  Up 23.57 seconds
